Server test in ascolto su http://localhost:3002
